// Jest Snapshot v1, https://goo.gl/fbAQLP

exports[` 1`] = `[Function]`;

exports[`it matches snapshot 1`] = `[Function]`;
